time=2026-07-25T21:20:03.678+05:30 level=INFO source=/var/www/html/userrestapigo/internal/handlers/user_handler.go:409 msg="HTTP DeleteUser request" method=DELETE path=/api/v1/users/12 ip=[::1]:42610 user_agent=PostmanRuntime/7.49.1 user_id=12
time=2026-07-25T21:20:23.675+05:30 level=INFO source=/var/www/html/userrestapigo/internal/handlers/user_handler.go:29 msg="HTTP GetUsers request" method=GET path=/api/v1/users ip=[::1]:42610 user_agent=PostmanRuntime/7.49.1
time=2026-07-25T21:20:28.465+05:30 level=INFO source=/var/www/html/userrestapigo/internal/handlers/user_handler.go:79 msg="HTTP GetUserByID request" method=GET path=/api/v1/users/6 ip=[::1]:42610 user_agent=PostmanRuntime/7.49.1
time=2026-07-25T21:20:33.489+05:30 level=INFO source=/var/www/html/userrestapigo/internal/handlers/user_handler.go:148 msg="HTTP CreateUser request" method=POST path=/api/v1/users ip=[::1]:42610 user_agent=PostmanRuntime/7.49.1
time=2026-07-25T21:20:33.489+05:30 level=INFO source=/var/www/html/userrestapigo/internal/handlers/user_handler.go:172 msg="Create user request" email=tejas2@yopmail.com name=Tejas gender=male birthdate=2000-01-10 is_active=true
time=2026-07-25T21:20:33.489+05:30 level=ERROR source=/var/www/html/userrestapigo/internal/handlers/user_handler.go:193 msg="Validation failed" error="Key: 'CreateUserRequest.Email' Error:Field validation for 'Email' failed on the 'unique_email' tag"
time=2026-07-25T21:21:16.559+05:30 level=INFO source=/var/www/html/userrestapigo/internal/handlers/user_handler.go:271 msg="HTTP UpdateUser request" method=PUT path=/api/v1/users/4 ip=[::1]:42610 user_agent=PostmanRuntime/7.49.1 user_id=4
time=2026-07-25T21:21:21.308+05:30 level=INFO source=/var/www/html/userrestapigo/internal/handlers/user_handler.go:271 msg="HTTP UpdateUser request" method=PUT path=/api/v1/users/41 ip=[::1]:42610 user_agent=PostmanRuntime/7.49.1 user_id=41
time=2026-07-25T21:21:25.859+05:30 level=INFO source=/var/www/html/userrestapigo/internal/handlers/user_handler.go:271 msg="HTTP UpdateUser request" method=PUT path=/api/v1/users/4 ip=[::1]:42610 user_agent=PostmanRuntime/7.49.1 user_id=4
time=2026-07-25T21:21:29.622+05:30 level=INFO source=/var/www/html/userrestapigo/internal/handlers/user_handler.go:409 msg="HTTP DeleteUser request" method=DELETE path=/api/v1/users/12 ip=[::1]:42610 user_agent=PostmanRuntime/7.49.1 user_id=12
time=2026-07-25T21:22:41.030+05:30 level=INFO source=/var/www/html/userrestapigo/internal/handlers/user_handler.go:409 msg="HTTP DeleteUser request" method=DELETE path=/api/v1/users/12 ip=[::1]:49060 user_agent=PostmanRuntime/7.49.1 user_id=12
time=2026-07-25T21:22:59.692+05:30 level=INFO source=/var/www/html/userrestapigo/internal/handlers/user_handler.go:409 msg="HTTP DeleteUser request" method=DELETE path=/api/v1/users/12 ip=[::1]:49060 user_agent=PostmanRuntime/7.49.1 user_id=12
time=2026-07-25T21:23:38.971+05:30 level=INFO source=/var/www/html/userrestapigo/internal/handlers/user_handler.go:409 msg="HTTP DeleteUser request" method=DELETE path=/api/v1/users/6 ip=[::1]:49060 user_agent=PostmanRuntime/7.49.1 user_id=6
time=2026-07-25T21:23:54.295+05:30 level=INFO msg="Successfully connected to the database"
time=2026-07-25T21:23:54.295+05:30 level=INFO msg="Server started on http://localhost:8080"
time=2026-07-25T21:24:44.794+05:30 level=INFO msg="Successfully connected to the database"
time=2026-07-25T21:24:44.794+05:30 level=INFO msg="Server started on http://localhost:8080"
time=2026-07-25T21:25:39.596+05:30 level=INFO msg="Successfully connected to the database"
time=2026-07-25T21:25:39.597+05:30 level=INFO msg="Server started on http://localhost:8080"
time=2026-07-25T21:25:43.416+05:30 level=INFO source=/var/www/html/userrestapigo/internal/handlers/user_handler.go:410 msg="HTTP DeleteUser request" method=DELETE path=/api/v1/users/6 ip=[::1]:41782 user_agent=PostmanRuntime/7.49.1 user_id=6
time=2026-07-25T21:26:07.668+05:30 level=INFO msg="Successfully connected to the database"
time=2026-07-25T21:26:07.669+05:30 level=INFO msg="Server started on http://localhost:8080"
time=2026-07-25T21:26:10.382+05:30 level=INFO source=/var/www/html/userrestapigo/internal/handlers/user_handler.go:410 msg="HTTP DeleteUser request" method=DELETE path=/api/v1/users/6 ip=[::1]:60700 user_agent=PostmanRuntime/7.49.1 user_id=6
time=2026-07-25T21:26:47.469+05:30 level=INFO msg="Successfully connected to the database"
time=2026-07-25T21:26:47.469+05:30 level=INFO msg="Server started on http://localhost:8080"
time=2026-07-25T21:26:50.341+05:30 level=INFO source=/var/www/html/userrestapigo/internal/handlers/user_handler.go:410 msg="HTTP DeleteUser request" method=DELETE path=/api/v1/users/6 ip=[::1]:55256 user_agent=PostmanRuntime/7.49.1 user_id=6
time=2026-07-25T21:28:15.181+05:30 level=INFO msg="Successfully connected to the database"
time=2026-07-25T21:28:15.181+05:30 level=INFO msg="Server started on http://localhost:8080"
time=2026-07-25T21:28:18.910+05:30 level=INFO source=/var/www/html/userrestapigo/internal/handlers/user_handler.go:410 msg="HTTP DeleteUser request" method=DELETE path=/api/v1/users/6 ip=[::1]:42138 user_agent=PostmanRuntime/7.49.1 user_id=6
time=2026-07-25T21:28:18.910+05:30 level=INFO msg="http: panic serving [::1]:42138: runtime error: invalid memory address or nil pointer dereference\ngoroutine 15 [running]:\nnet/http.(*conn).serve.func1()\n\t/usr/local/go/src/net/http/server.go:1943 +0xd3\npanic({0x8a06c0?, 0xd0e6f0?})\n\t/usr/local/go/src/runtime/panic.go:783 +0x132\nuserrestapigo/internal/handlers.DeleteUser({0x9d4ea0, 0xc0001b60f0}, 0xc0000f0780)\n\t/var/www/html/userrestapigo/internal/handlers/user_handler.go:464 +0xa13\nnet/http.HandlerFunc.ServeHTTP(0xc0000f0640?, {0x9d4ea0?, 0xc0001b60f0?}, 0x0?)\n\t/usr/local/go/src/net/http/server.go:2322 +0x29\ngithub.com/gorilla/mux.(*Router).ServeHTTP(0xc00022a000, {0x9d4ea0, 0xc0001b60f0}, 0xc0000f0500)\n\t/home/tejas/go/pkg/mod/github.com/gorilla/mux@v1.8.1/mux.go:212 +0x1e2\nnet/http.serverHandler.ServeHTTP({0xc000044900?}, {0x9d4ea0?, 0xc0001b60f0?}, 0x1?)\n\t/usr/local/go/src/net/http/server.go:3340 +0x8e\nnet/http.(*conn).serve(0xc0000c43f0, {0x9d55c0, 0xc0002094a0})\n\t/usr/local/go/src/net/http/server.go:2109 +0x665\ncreated by net/http.(*Server).Serve in goroutine 1\n\t/usr/local/go/src/net/http/server.go:3493 +0x485"
time=2026-07-25T21:31:24.243+05:30 level=INFO msg="Successfully connected to the database"
time=2026-07-25T21:31:24.243+05:30 level=INFO msg="Server started on http://localhost:8080"
time=2026-07-25T21:31:28.055+05:30 level=INFO source=/var/www/html/userrestapigo/internal/handlers/user_handler.go:409 msg="HTTP DeleteUser request" method=DELETE path=/api/v1/users/6 ip=[::1]:44618 user_agent=PostmanRuntime/7.49.1 user_id=6
time=2026-07-25T21:31:28.055+05:30 level=INFO source=/var/www/html/userrestapigo/internal/handlers/user_handler.go:458 msg="User id not found" user_id=6
time=2026-07-25T21:31:29.870+05:30 level=INFO source=/var/www/html/userrestapigo/internal/handlers/user_handler.go:409 msg="HTTP DeleteUser request" method=DELETE path=/api/v1/users/6 ip=[::1]:44618 user_agent=PostmanRuntime/7.49.1 user_id=6
time=2026-07-25T21:31:29.870+05:30 level=INFO source=/var/www/html/userrestapigo/internal/handlers/user_handler.go:458 msg="User id not found" user_id=6
time=2026-07-25T21:31:31.437+05:30 level=INFO source=/var/www/html/userrestapigo/internal/handlers/user_handler.go:409 msg="HTTP DeleteUser request" method=DELETE path=/api/v1/users/6 ip=[::1]:44618 user_agent=PostmanRuntime/7.49.1 user_id=6
time=2026-07-25T21:31:31.437+05:30 level=INFO source=/var/www/html/userrestapigo/internal/handlers/user_handler.go:458 msg="User id not found" user_id=6
time=2026-07-25T21:32:40.531+05:30 level=INFO source=/var/www/html/userrestapigo/internal/handlers/user_handler.go:409 msg="HTTP DeleteUser request" method=DELETE path=/api/v1/users/6 ip=[::1]:47282 user_agent=PostmanRuntime/7.49.1 user_id=6
time=2026-07-25T21:32:40.531+05:30 level=INFO source=/var/www/html/userrestapigo/internal/handlers/user_handler.go:458 msg="User id not found" user_id=6
time=2026-07-25T21:32:45.142+05:30 level=INFO source=/var/www/html/userrestapigo/internal/handlers/user_handler.go:409 msg="HTTP DeleteUser request" method=DELETE path=/api/v1/users/61 ip=[::1]:47282 user_agent=PostmanRuntime/7.49.1 user_id=61
time=2026-07-25T21:32:45.142+05:30 level=INFO source=/var/www/html/userrestapigo/internal/handlers/user_handler.go:458 msg="User id not found" user_id=61
time=2026-07-25T21:32:50.055+05:30 level=INFO source=/var/www/html/userrestapigo/internal/handlers/user_handler.go:409 msg="HTTP DeleteUser request" method=DELETE path=/api/v1/users/1 ip=[::1]:47282 user_agent=PostmanRuntime/7.49.1 user_id=1
time=2026-07-25T21:32:50.055+05:30 level=INFO source=/var/www/html/userrestapigo/internal/handlers/user_handler.go:458 msg="User id not found" user_id=1
time=2026-07-25T21:32:54.829+05:30 level=INFO source=/var/www/html/userrestapigo/internal/handlers/user_handler.go:409 msg="HTTP DeleteUser request" method=DELETE path=/api/v1/users/4 ip=[::1]:47282 user_agent=PostmanRuntime/7.49.1 user_id=4
time=2026-07-26T10:33:06.902+05:30 level=INFO msg="Successfully connected to the database"
time=2026-07-26T10:33:06.902+05:30 level=INFO msg="Server started on http://localhost:8080"
time=2026-07-26T10:33:14.069+05:30 level=INFO source=/var/www/html/userrestapigo/internal/handlers/user_handler.go:29 msg="HTTP GetUsers request" method=GET path=/api/v1/users ip=[::1]:44668 user_agent=PostmanRuntime/7.49.1
time=2026-07-26T10:33:19.568+05:30 level=INFO source=/var/www/html/userrestapigo/internal/handlers/user_handler.go:79 msg="HTTP GetUserByID request" method=GET path=/api/v1/users/6 ip=[::1]:44668 user_agent=PostmanRuntime/7.49.1
time=2026-07-26T10:33:19.568+05:30 level=ERROR source=/var/www/html/userrestapigo/internal/handlers/user_handler.go:116 msg="User not found" error="sql: no rows in result set"
time=2026-07-26T10:33:25.816+05:30 level=INFO source=/var/www/html/userrestapigo/internal/handlers/user_handler.go:148 msg="HTTP CreateUser request" method=POST path=/api/v1/users ip=[::1]:44668 user_agent=PostmanRuntime/7.49.1
time=2026-07-26T10:33:25.816+05:30 level=INFO source=/var/www/html/userrestapigo/internal/handlers/user_handler.go:172 msg="Create user request" email=tejas2@yopmail.com name=Tejas gender=male birthdate=2000-01-10 is_active=true
time=2026-07-26T10:33:31.493+05:30 level=INFO source=/var/www/html/userrestapigo/internal/handlers/user_handler.go:148 msg="HTTP CreateUser request" method=POST path=/api/v1/users ip=[::1]:44668 user_agent=PostmanRuntime/7.49.1
time=2026-07-26T10:33:31.493+05:30 level=INFO source=/var/www/html/userrestapigo/internal/handlers/user_handler.go:172 msg="Create user request" email=tejas2@yopmail.com name=Tejas gender=male birthdate=2000-01-10 is_active=true
time=2026-07-26T10:33:31.494+05:30 level=ERROR source=/var/www/html/userrestapigo/internal/handlers/user_handler.go:193 msg="Validation failed" error="Key: 'CreateUserRequest.Email' Error:Field validation for 'Email' failed on the 'unique_email' tag"
time=2026-07-26T10:33:38.415+05:30 level=INFO source=/var/www/html/userrestapigo/internal/handlers/user_handler.go:271 msg="HTTP UpdateUser request" method=PUT path=/api/v1/users/4 ip=[::1]:44668 user_agent=PostmanRuntime/7.49.1 user_id=4
time=2026-07-26T10:33:43.290+05:30 level=INFO source=/var/www/html/userrestapigo/internal/handlers/user_handler.go:409 msg="HTTP DeleteUser request" method=DELETE path=/api/v1/users/4 ip=[::1]:44668 user_agent=PostmanRuntime/7.49.1 user_id=4
time=2026-07-26T10:33:43.293+05:30 level=INFO source=/var/www/html/userrestapigo/internal/handlers/user_handler.go:458 msg="User id not found" user_id=4
time=2026-07-26T10:44:06.279+05:30 level=INFO msg="Successfully connected to the database"
time=2026-07-26T10:44:06.280+05:30 level=INFO msg="Server started on http://localhost:8080"
time=2026-07-26T10:44:14.706+05:30 level=INFO source=/var/www/html/userrestapigo/internal/handlers/user_handler.go:439 msg="HTTP DeleteUser request" method=DELETE path=/api/v1/users/4 ip=[::1]:37046 user_agent=PostmanRuntime/7.49.1 user_id=4
time=2026-07-26T10:44:14.707+05:30 level=INFO source=/var/www/html/userrestapigo/internal/handlers/user_handler.go:491 msg="User id not found" user_id=4
time=2026-07-26T10:44:32.302+05:30 level=INFO source=/var/www/html/userrestapigo/internal/handlers/user_handler.go:154 msg="HTTP CreateUser request" method=POST path=/api/v1/users ip=[::1]:37046 user_agent=PostmanRuntime/7.49.1
time=2026-07-26T10:44:32.302+05:30 level=INFO source=/var/www/html/userrestapigo/internal/handlers/user_handler.go:179 msg="Create user request" email=tejas2@yopmail.com name=Tejas gender=male birthdate=2000-01-10 is_active=true
time=2026-07-26T10:44:32.303+05:30 level=ERROR source=/var/www/html/userrestapigo/internal/handlers/user_handler.go:201 msg="Validation failed" error="Key: 'CreateUserRequest.Email' Error:Field validation for 'Email' failed on the 'unique_email' tag"
time=2026-07-26T10:48:53.145+05:30 level=INFO msg="Successfully connected to the database"
time=2026-07-26T10:48:53.146+05:30 level=INFO msg="Server started on http://localhost:8080"
time=2026-07-26T10:48:56.968+05:30 level=INFO source=/var/www/html/userrestapigo/internal/handlers/user_handler.go:154 msg="HTTP CreateUser request" method=POST path=/api/v1/users ip=[::1]:44762 user_agent=PostmanRuntime/7.49.1
time=2026-07-26T10:48:56.968+05:30 level=INFO source=/var/www/html/userrestapigo/internal/handlers/user_handler.go:179 msg="Create user request" email=tejas2@yopmail.com name=Tejas gender=male birthdate=2000-01-10 is_active=true
time=2026-07-26T10:48:56.968+05:30 level=WARN source=/var/www/html/userrestapigo/internal/handlers/user_handler.go:201 msg="Validation failed" error="Key: 'CreateUserRequest.Email' Error:Field validation for 'Email' failed on the 'unique_email' tag"
time=2026-07-26T10:54:24.285+05:30 level=INFO msg="Successfully connected to the database"
time=2026-07-26T10:54:24.285+05:30 level=INFO msg="Server started on http://localhost:8080"
time=2026-07-26T10:54:28.710+05:30 level=INFO source=/var/www/html/userrestapigo/internal/handlers/user_handler.go:154 msg="HTTP CreateUser request" method=POST path=/api/v1/users ip=[::1]:41584 user_agent=PostmanRuntime/7.49.1
time=2026-07-26T10:54:28.710+05:30 level=INFO source=/var/www/html/userrestapigo/internal/handlers/user_handler.go:179 msg="Create user request" email=tejas2@yopmail.com name=Tejas gender=male birthdate=2000-01-10 is_active=true
time=2026-07-26T10:54:28.710+05:30 level=WARN source=/var/www/html/userrestapigo/internal/handlers/user_handler.go:201 msg="Validation failed" error="Key: 'CreateUserRequest.Email' Error:Field validation for 'Email' failed on the 'unique_email' tag"
time=2026-07-26T10:54:33.736+05:30 level=INFO source=/var/www/html/userrestapigo/internal/handlers/user_handler.go:30 msg="HTTP GetUsers request" method=GET path=/api/v1/users ip=[::1]:41584 user_agent=PostmanRuntime/7.49.1
time=2026-07-26T10:54:40.167+05:30 level=INFO source=/var/www/html/userrestapigo/internal/handlers/user_handler.go:81 msg="HTTP GetUserByID request" method=GET path=/api/v1/users/6 ip=[::1]:41584 user_agent=PostmanRuntime/7.49.1
time=2026-07-26T10:54:40.168+05:30 level=INFO source=/var/www/html/userrestapigo/internal/handlers/user_handler.go:120 msg="User not found" error="sql: no rows in result set"
time=2026-07-26T10:54:44.282+05:30 level=INFO source=/var/www/html/userrestapigo/internal/handlers/user_handler.go:154 msg="HTTP CreateUser request" method=POST path=/api/v1/users ip=[::1]:41584 user_agent=PostmanRuntime/7.49.1
time=2026-07-26T10:54:44.282+05:30 level=INFO source=/var/www/html/userrestapigo/internal/handlers/user_handler.go:179 msg="Create user request" email=tejas2@yopmail.com name=Tejas gender=male birthdate=2000-01-10 is_active=true
time=2026-07-26T10:54:44.282+05:30 level=WARN source=/var/www/html/userrestapigo/internal/handlers/user_handler.go:201 msg="Validation failed" error="Key: 'CreateUserRequest.Email' Error:Field validation for 'Email' failed on the 'unique_email' tag"
time=2026-07-26T10:54:48.212+05:30 level=INFO source=/var/www/html/userrestapigo/internal/handlers/user_handler.go:295 msg="HTTP UpdateUser request" method=PUT path=/api/v1/users/4 ip=[::1]:41584 user_agent=PostmanRuntime/7.49.1 user_id=4
time=2026-07-26T10:54:53.249+05:30 level=INFO source=/var/www/html/userrestapigo/internal/handlers/user_handler.go:439 msg="HTTP DeleteUser request" method=DELETE path=/api/v1/users/4 ip=[::1]:41584 user_agent=PostmanRuntime/7.49.1 user_id=4
time=2026-07-26T10:54:53.249+05:30 level=INFO source=/var/www/html/userrestapigo/internal/handlers/user_handler.go:491 msg="User id not found" user_id=4
